// Jest Snapshot v1, https://goo.gl/fbAQLP

exports[`FieldLabel test 1`] = `
<div
  className="MuiInputBase-root MuiOutlinedInput-root MuiInputBase-colorPrimary  css-1yk1gt9-MuiInputBase-root-MuiOutlinedInput-root-MuiSelect-root"
  onClick={[Function]}
>
  <div
    aria-expanded="false"
    aria-haspopup="listbox"
    aria-labelledby="field-label"
    className="MuiSelect-select MuiSelect-outlined MuiInputBase-input MuiOutlinedInput-input css-11u53oe-MuiSelect-select-MuiInputBase-input-MuiOutlinedInput-input"
    onBlur={[Function]}
    onFocus={[Function]}
    onKeyDown={[Function]}
    onMouseDown={[Function]}
    role="combobox"
    tabIndex={0}
  >
    <span
      className="notranslate"
    >
      â€‹
    </span>
  </div>
  <input
    aria-hidden={true}
    aria-invalid={false}
    className="MuiSelect-nativeInput css-yf8vq0-MuiSelect-nativeInput"
    onAnimationStart={[Function]}
    onChange={[Function]}
    tabIndex={-1}
    value=""
  />
  <svg
    aria-hidden={true}
    className="MuiSvgIcon-root MuiSvgIcon-fontSizeMedium MuiSelect-icon MuiSelect-iconOutlined css-hfutr2-MuiSvgIcon-root-MuiSelect-icon"
    data-testid="ArrowDropDownIcon"
    focusable="false"
    viewBox="0 0 24 24"
  >
    <path
      d="M7 10l5 5 5-5z"
    />
  </svg>
  <fieldset
    aria-hidden={true}
    className="MuiOutlinedInput-notchedOutline css-1d3z3hw-MuiOutlinedInput-notchedOutline"
  >
    <legend
      className="css-yjsfm1"
    >
      <span>
        Field
      </span>
    </legend>
  </fieldset>
</div>
`;
