// Jest Snapshot v1, https://goo.gl/fbAQLP

exports[`ValueComponent test 1`] = `
<div
  className="MuiFormControl-root MuiTextField-root css-1rv32ir-MuiFormControl-root-MuiTextField-root"
>
  <label
    className="MuiFormLabel-root MuiInputLabel-root MuiInputLabel-formControl MuiInputLabel-animated MuiInputLabel-sizeMedium MuiInputLabel-outlined MuiFormLabel-colorPrimary MuiInputLabel-root MuiInputLabel-formControl MuiInputLabel-animated MuiInputLabel-sizeMedium MuiInputLabel-outlined css-14s5rfu-MuiFormLabel-root-MuiInputLabel-root"
    data-shrink={false}
  >
    Value
  </label>
  <div
    className="MuiInputBase-root MuiOutlinedInput-root MuiInputBase-colorPrimary MuiInputBase-formControl css-9ddj71-MuiInputBase-root-MuiOutlinedInput-root"
    onClick={[Function]}
  >
    <input
      aria-invalid={false}
      autoFocus={false}
      className="MuiInputBase-input MuiOutlinedInput-input css-1t8l2tu-MuiInputBase-input-MuiOutlinedInput-input"
      disabled={false}
      onAnimationStart={[Function]}
      onBlur={[Function]}
      onChange={[Function]}
      onFocus={[Function]}
      required={false}
      type="text"
      value=""
    />
    <fieldset
      aria-hidden={true}
      className="MuiOutlinedInput-notchedOutline css-1d3z3hw-MuiOutlinedInput-notchedOutline"
    >
      <legend
        className="css-yjsfm1"
      >
        <span>
          Value
        </span>
      </legend>
    </fieldset>
  </div>
</div>
`;
